<?xml version="1.0" encoding="UTF-8"?>
<testsuites>
  <testsuite name="Tests\Feature\AuthTest" file="tests/Feature/AuthTest.php" tests="2" assertions="2" errors="0" failures="2" skipped="0" time="44.967339">
    <testcase name="it can register a new user and create a tenant" file="tests/Feature/AuthTest.php::it can register a new user and create a tenant" class="Tests\Feature\AuthTest" classname="Tests.Feature.AuthTest" assertions="1" time="39.721782">
      <failure type="PHPUnit\Framework\ExpectationFailedException">it can register a new user and create a tenantExpected response status code [201] but received 500.
Failed asserting that 500 is identical to 201.
at vendor/laravel/framework/src/Illuminate/Testing/TestResponseAssert.php:45
at vendor/laravel/framework/src/Illuminate/Testing/TestResponse.php:175
at tests/Feature/AuthTest.php:17</failure>
    </testcase>
    <testcase name="it can login an existing user" file="tests/Feature/AuthTest.php::it can login an existing user" class="Tests\Feature\AuthTest" classname="Tests.Feature.AuthTest" assertions="1" time="5.245557">
      <failure type="PHPUnit\Framework\ExpectationFailedException">it can login an existing userExpected response status code [200] but received 500.
Failed asserting that 500 is identical to 200.
at vendor/laravel/framework/src/Illuminate/Testing/TestResponseAssert.php:45
at vendor/laravel/framework/src/Illuminate/Testing/TestResponse.php:175
at tests/Feature/AuthTest.php:60</failure>
    </testcase>
  </testsuite>
</testsuites>
